I'm sorry, but errors were detected in your script. Please correct the
errors listed below, and try again.


File "game/script.rpy", line 160: expected end of line
    play music "audio/league.mp3" with fadein 1.0 fadeout 1.0
                                  ^

Ren'Py Version: Ren'Py 7.4.11.2266
Thu May  5 17:40:28 2022
